10
9
2
4
4
2
Successfully executed 6 instructions
|_ 10 _|
|_ 9 _|
|_ 2 _|
3 elements
